2026-05-10T07:33:18+00:00 NOTICE action_scheduler.queue_job :: MailChimp_WooCommerce_Single_Order starts in 90 seconds :: obj_id 7803 with id 1043
2026-05-10T07:33:18+00:00 NOTICE handleOrderUpdate :: order_status
2026-05-10T07:33:18+00:00 NOTICE handleOrderUpdate :: order_status
2026-05-10T07:33:18+00:00 NOTICE handleOrderUpdate :: order_status
2026-05-10T07:33:18+00:00 NOTICE action_scheduler.queue_job :: MailChimp_WooCommerce_Single_Product_Variation starts in 5 seconds :: obj_id 7741 with id 1044
2026-05-10T07:33:20+00:00 NOTICE debug :: Order ID 7803 was pending and is now on-hold :: Array
(
    [new_order] => 
    [tracking] => 
)
2026-05-10T07:33:21+00:00 NOTICE handleOrderUpdate :: order_status
2026-05-10T07:33:23+00:00 NOTICE identity :: tracking identity through order purchased hook :: Array
(
    [email] => celaleddinselin@gmail.com
)
2026-05-10T10:47:31+00:00 NOTICE product.updated :: 1
2026-05-10T10:48:30+00:00 NOTICE product.updated :: 1
2026-05-10T10:51:37+00:00 NOTICE product.updated :: 1
2026-05-10T10:53:37+00:00 NOTICE product.updated :: 1
2026-05-10T10:54:59+00:00 NOTICE product.updated :: 1
2026-05-10T11:08:03+00:00 NOTICE product.updated :: 1
2026-05-10T11:08:50+00:00 NOTICE product.updated :: 1
2026-05-10T11:08:52+00:00 NOTICE product.updated :: 1
2026-05-10T11:09:55+00:00 NOTICE product.updated :: 1
2026-05-10T11:09:58+00:00 NOTICE product.updated :: 1
2026-05-10T11:10:54+00:00 NOTICE product.updated :: 1
2026-05-10T11:10:57+00:00 NOTICE product.updated :: 1
2026-05-10T11:11:56+00:00 NOTICE product.updated :: 1
2026-05-10T11:16:22+00:00 NOTICE product.updated :: 1
2026-05-10T11:17:22+00:00 NOTICE product.updated :: 1
2026-05-10T11:18:22+00:00 NOTICE product.updated :: 1
2026-05-10T11:18:28+00:00 NOTICE product.updated :: 1
2026-05-10T11:18:31+00:00 NOTICE product.updated :: 1
2026-05-10T11:21:22+00:00 NOTICE product.updated :: 1
2026-05-10T11:22:12+00:00 NOTICE product.updated :: 1
2026-05-10T11:22:15+00:00 NOTICE product.updated :: 1
2026-05-10T11:23:04+00:00 NOTICE product.updated :: 1
2026-05-10T11:23:07+00:00 NOTICE product.updated :: 1
2026-05-10T11:24:29+00:00 NOTICE product.updated :: 1
2026-05-10T11:24:32+00:00 NOTICE product.updated :: 1
2026-05-10T11:26:04+00:00 NOTICE product.updated :: 1
2026-05-10T11:26:06+00:00 NOTICE product.updated :: 1
2026-05-10T11:34:33+00:00 NOTICE product.updated :: 1
2026-05-10T11:34:37+00:00 NOTICE product.updated :: 1
2026-05-10T11:39:04+00:00 NOTICE product.updated :: 1
2026-05-10T11:39:04+00:00 NOTICE product.updated :: 1
2026-05-10T11:39:04+00:00 NOTICE product.updated :: 1
2026-05-10T12:54:03+00:00 NOTICE product_cat.update :: Updated product category 85
2026-05-10T12:54:34+00:00 NOTICE product_cat.update :: Updated product category 83
2026-05-10T12:55:06+00:00 NOTICE product_cat.update :: Updated product category 24
2026-05-10T12:55:42+00:00 NOTICE product_cat.update :: Updated product category 82
2026-05-10T12:56:13+00:00 NOTICE product_cat.update :: Updated product category 86
2026-05-10T12:56:49+00:00 NOTICE product_cat.update :: Updated product category 15
2026-05-10T13:29:04+00:00 NOTICE product.updated :: 1
2026-05-10T14:14:30+00:00 NOTICE product.updated :: 1
2026-05-10T14:14:30+00:00 NOTICE product.updated :: 1
2026-05-10T14:14:30+00:00 NOTICE product.updated :: 1
