2026-05-13T02:41:48+00:00 NOTICE product.updated :: 1
2026-05-13T02:42:37+00:00 NOTICE product.updated :: 1
2026-05-13T02:43:57+00:00 NOTICE product.updated :: 1
2026-05-13T02:44:07+00:00 NOTICE product.updated :: 1
2026-05-13T02:59:08+00:00 NOTICE product.updated :: 1
2026-05-13T02:59:11+00:00 NOTICE product.updated :: 1
2026-05-13T02:59:20+00:00 NOTICE product.updated :: 1
2026-05-13T02:59:22+00:00 NOTICE product.updated :: 1
2026-05-13T02:59:23+00:00 NOTICE product.updated :: 1
2026-05-13T02:59:25+00:00 NOTICE product.updated :: 1
2026-05-13T03:00:22+00:00 NOTICE product.updated :: 1
2026-05-13T03:00:24+00:00 NOTICE product.updated :: 1
2026-05-13T03:05:41+00:00 NOTICE product.updated :: 1
2026-05-13T03:05:44+00:00 NOTICE product.updated :: 1
2026-05-13T03:07:04+00:00 NOTICE product.updated :: 1
2026-05-13T03:07:04+00:00 NOTICE product.updated :: 1
2026-05-13T03:07:07+00:00 NOTICE product.updated :: 1
2026-05-13T03:21:58+00:00 NOTICE product.updated :: 1
2026-05-13T03:22:00+00:00 NOTICE product.updated :: 1
2026-05-13T03:25:05+00:00 NOTICE product.updated :: 1
2026-05-13T03:25:07+00:00 NOTICE product.updated :: 1
2026-05-13T03:26:47+00:00 NOTICE product.updated :: 1
2026-05-13T03:26:52+00:00 NOTICE product.updated :: 1
2026-05-13T03:31:41+00:00 NOTICE product.updated :: 1
2026-05-13T03:31:42+00:00 NOTICE product.updated :: 1
2026-05-13T03:31:46+00:00 NOTICE product.updated :: 1
2026-05-13T03:39:11+00:00 NOTICE product_cat.update :: Updated product category 83
2026-05-13T03:42:11+00:00 NOTICE product_cat.update :: Updated product category 15
2026-05-13T03:43:54+00:00 NOTICE product_cat.update :: Updated product category 83
2026-05-13T03:44:59+00:00 NOTICE product_cat.update :: Updated product category 88
2026-05-13T03:46:19+00:00 NOTICE product_cat.update :: Updated product category 24
2026-05-13T03:47:03+00:00 NOTICE product_cat.update :: Updated product category 82
2026-05-13T03:47:44+00:00 NOTICE action_scheduler.queue_job :: Mailchimp_WooCommerce_Single_Product_Category starts in 6 seconds :: obj_id 88 with id 1075
2026-05-13T03:47:44+00:00 NOTICE product.updated :: 1
2026-05-13T03:47:59+00:00 NOTICE product.updated :: 1
2026-05-13T03:48:24+00:00 NOTICE product_category_submit.success :: #88
2026-05-13T03:49:08+00:00 NOTICE product_cat.update :: Updated product category 88
2026-05-13T03:49:42+00:00 NOTICE product_cat.update :: Updated product category 88
2026-05-13T03:50:44+00:00 NOTICE product_cat.update :: Updated product category 82
2026-05-13T03:52:09+00:00 NOTICE mc_update_cat :: failed :: Array
(
    [error] => CURL error :: Could not resolve host: us3.api.mailchimp.com
)

2026-05-13T03:52:09+00:00 NOTICE product_cat.update :: Updated product category 15
2026-05-13T03:53:33+00:00 NOTICE product_cat.update :: Updated product category 15
2026-05-13T03:59:25+00:00 NOTICE product.updated :: 1
2026-05-13T03:59:25+00:00 NOTICE product.updated :: 1
2026-05-13T03:59:26+00:00 NOTICE product.updated :: 1
2026-05-13T04:29:52+00:00 NOTICE product.updated :: 1
2026-05-13T04:29:52+00:00 NOTICE product.updated :: 1
2026-05-13T04:29:53+00:00 NOTICE product.updated :: 1
2026-05-13T08:36:05+00:00 NOTICE product.updated :: 1
2026-05-13T08:38:30+00:00 NOTICE product.updated :: 1
2026-05-13T08:38:51+00:00 NOTICE product.updated :: 1
2026-05-13T08:39:05+00:00 NOTICE product.updated :: 1
2026-05-13T08:40:18+00:00 NOTICE product.updated :: 1
2026-05-13T08:41:38+00:00 NOTICE product.updated :: 1
2026-05-13T08:42:02+00:00 NOTICE product.updated :: 1
2026-05-13T08:44:46+00:00 NOTICE product.updated :: 1
2026-05-13T08:44:55+00:00 NOTICE product.updated :: 1
2026-05-13T08:49:09+00:00 NOTICE product.updated :: 1
2026-05-13T08:49:17+00:00 NOTICE product.updated :: 1
2026-05-13T08:51:52+00:00 NOTICE product.updated :: 1
2026-05-13T08:52:00+00:00 NOTICE product.updated :: 1
2026-05-13T08:54:20+00:00 NOTICE product.updated :: 1
2026-05-13T08:54:30+00:00 NOTICE product.updated :: 1
2026-05-13T08:54:39+00:00 NOTICE product.updated :: 1
2026-05-13T08:56:46+00:00 NOTICE product.updated :: 1
2026-05-13T08:56:53+00:00 NOTICE product.updated :: 1
2026-05-13T08:58:00+00:00 NOTICE product.updated :: 1
2026-05-13T08:58:08+00:00 NOTICE product.updated :: 1
2026-05-13T09:00:58+00:00 NOTICE product.updated :: 1
2026-05-13T09:01:05+00:00 NOTICE product.updated :: 1
2026-05-13T09:02:43+00:00 NOTICE product.updated :: 1
2026-05-13T09:02:50+00:00 NOTICE product.updated :: 1
2026-05-13T09:05:53+00:00 NOTICE product.updated :: 1
2026-05-13T09:06:30+00:00 NOTICE product.updated :: 1
2026-05-13T09:07:30+00:00 NOTICE product.updated :: 1
2026-05-13T09:08:08+00:00 NOTICE product.updated :: 1
2026-05-13T09:08:19+00:00 NOTICE product.updated :: 1
2026-05-13T09:09:41+00:00 NOTICE product.updated :: 1
2026-05-13T09:09:49+00:00 NOTICE product.updated :: 1
2026-05-13T09:11:19+00:00 NOTICE product.updated :: 1
2026-05-13T09:11:26+00:00 NOTICE product.updated :: 1
2026-05-13T09:12:20+00:00 NOTICE product.updated :: 1
2026-05-13T09:12:27+00:00 NOTICE product.updated :: 1
2026-05-13T09:16:21+00:00 NOTICE product.updated :: 1
2026-05-13T09:16:28+00:00 NOTICE product.updated :: 1
2026-05-13T09:24:37+00:00 NOTICE product.updated :: 1
2026-05-13T09:24:37+00:00 NOTICE action_scheduler.queue_job :: MailChimp_WooCommerce_SingleCoupon queued :: obj_id 7709 with id 1092
2026-05-13T09:24:43+00:00 NOTICE promo_code_submit.success :: #7709 :: code: kultur26
2026-05-13T09:25:15+00:00 NOTICE product.updated :: 1
2026-05-13T09:25:15+00:00 NOTICE action_scheduler.queue_job :: MailChimp_WooCommerce_SingleCoupon queued :: obj_id 7709 with id 1093
2026-05-13T09:25:36+00:00 NOTICE promo_code_submit.success :: #7709 :: code: kultur26
2026-05-13T09:32:51+00:00 NOTICE product.updated :: 1
2026-05-13T09:33:06+00:00 NOTICE product.updated :: 1
2026-05-13T09:35:33+00:00 NOTICE product.updated :: 1
2026-05-13T09:35:37+00:00 NOTICE product.updated :: 1
2026-05-13T09:37:38+00:00 NOTICE product.updated :: 1
2026-05-13T09:37:46+00:00 NOTICE product.updated :: 1
2026-05-13T09:38:33+00:00 NOTICE product.updated :: 1
2026-05-13T09:38:37+00:00 NOTICE product.updated :: 1
2026-05-13T09:39:17+00:00 NOTICE product.updated :: 1
2026-05-13T09:39:22+00:00 NOTICE product.updated :: 1
2026-05-13T09:40:41+00:00 NOTICE product.updated :: 1
2026-05-13T09:40:46+00:00 NOTICE product.updated :: 1
2026-05-13T10:52:37+00:00 NOTICE product.updated :: 1
2026-05-13T10:53:37+00:00 NOTICE product.updated :: 1
2026-05-13T10:53:53+00:00 NOTICE product.updated :: 1
2026-05-13T10:54:00+00:00 NOTICE product.updated :: 1
2026-05-13T10:55:34+00:00 NOTICE product.updated :: 1
2026-05-13T10:55:51+00:00 NOTICE product.updated :: 1
2026-05-13T11:08:02+00:00 NOTICE product.updated :: 1
2026-05-13T11:13:20+00:00 NOTICE product.updated :: 1
2026-05-13T11:13:29+00:00 NOTICE product.updated :: 1
2026-05-13T11:14:59+00:00 NOTICE product.updated :: 1
2026-05-13T11:15:12+00:00 NOTICE product.updated :: 1
2026-05-13T11:16:36+00:00 NOTICE product.updated :: 1
2026-05-13T11:50:52+00:00 NOTICE product.updated :: 1
2026-05-13T11:50:52+00:00 NOTICE product.updated :: 1
2026-05-13T11:53:17+00:00 NOTICE product.updated :: 1
2026-05-13T11:53:17+00:00 NOTICE product.updated :: 1
2026-05-13T11:55:28+00:00 NOTICE product.updated :: 1
2026-05-13T11:55:28+00:00 NOTICE product.updated :: 1
