2026-05-18T12:36:07+00:00 NOTICE product.updated :: 1
2026-05-18T12:36:08+00:00 NOTICE product.updated :: 1
2026-05-18T14:04:10+00:00 NOTICE product.updated :: 1
2026-05-18T14:04:10+00:00 NOTICE product.updated :: 1
2026-05-18T14:04:10+00:00 NOTICE product.updated :: 1
2026-05-18T14:30:53+00:00 NOTICE product.updated :: 1
2026-05-18T14:30:53+00:00 NOTICE product.updated :: 1
2026-05-18T14:30:54+00:00 NOTICE product.updated :: 1
2026-05-18T14:51:59+00:00 NOTICE product_cat.update :: Updated product category 85
2026-05-18T14:52:36+00:00 NOTICE product_cat.update :: Updated product category 85
2026-05-18T14:53:33+00:00 NOTICE product_cat.update :: Updated product category 88
2026-05-18T14:54:20+00:00 NOTICE product_cat.update :: Updated product category 15
2026-05-18T15:34:39+00:00 NOTICE product.updated :: 1
2026-05-18T15:35:45+00:00 NOTICE product.updated :: 1
2026-05-18T15:44:03+00:00 NOTICE product_cat.update :: Updated product category 85
2026-05-18T15:44:55+00:00 NOTICE product_cat.update :: Updated product category 85
2026-05-18T18:11:36+00:00 NOTICE handleOrderUpdate :: order_status
2026-05-18T18:11:36+00:00 NOTICE action_scheduler.queue_job :: MailChimp_WooCommerce_Single_Order starts in 90 seconds :: obj_id 16 with id 1162
2026-05-18T18:11:36+00:00 NOTICE handleOrderUpdate :: order_status
2026-05-18T18:11:36+00:00 NOTICE action_scheduler.queue_job :: MailChimp_WooCommerce_Single_Order starts in 90 seconds :: obj_id 20 with id 1163
2026-05-18T18:11:36+00:00 NOTICE handleOrderUpdate :: order_status
2026-05-18T18:11:36+00:00 NOTICE action_scheduler.queue_job :: MailChimp_WooCommerce_Single_Order starts in 90 seconds :: obj_id 7601 with id 1164
2026-05-18T18:11:37+00:00 NOTICE handleOrderUpdate :: order_status
2026-05-18T18:11:37+00:00 NOTICE action_scheduler.queue_job :: MailChimp_WooCommerce_Single_Order starts in 90 seconds :: obj_id 7647 with id 1165
2026-05-18T18:11:37+00:00 NOTICE handleOrderUpdate :: order_status
2026-05-18T18:11:37+00:00 NOTICE action_scheduler.queue_job :: MailChimp_WooCommerce_Single_Order starts in 90 seconds :: obj_id 7648 with id 1166
2026-05-18T18:11:37+00:00 NOTICE handleOrderUpdate :: order_status
2026-05-18T18:11:37+00:00 NOTICE action_scheduler.queue_job :: MailChimp_WooCommerce_Single_Order starts in 90 seconds :: obj_id 7649 with id 1167
2026-05-18T18:11:37+00:00 NOTICE handleOrderUpdate :: order_status
2026-05-18T18:11:37+00:00 NOTICE action_scheduler.queue_job :: MailChimp_WooCommerce_Single_Order starts in 90 seconds :: obj_id 7650 with id 1168
2026-05-18T18:11:37+00:00 NOTICE handleOrderUpdate :: order_status
2026-05-18T18:11:37+00:00 NOTICE action_scheduler.queue_job :: MailChimp_WooCommerce_Single_Order starts in 90 seconds :: obj_id 7697 with id 1169
2026-05-18T18:11:37+00:00 NOTICE handleOrderUpdate :: order_status
2026-05-18T18:11:37+00:00 NOTICE action_scheduler.queue_job :: MailChimp_WooCommerce_Single_Order starts in 90 seconds :: obj_id 7707 with id 1170
2026-05-18T18:11:37+00:00 NOTICE handleOrderUpdate :: order_status
2026-05-18T18:11:37+00:00 NOTICE action_scheduler.queue_job :: MailChimp_WooCommerce_Single_Order starts in 90 seconds :: obj_id 7710 with id 1171
2026-05-18T18:20:41+00:00 NOTICE action_scheduler.queue_job :: MailChimp_WooCommerce_User_Submit queued :: obj_id 8 with id 1172
2026-05-18T18:23:17+00:00 NOTICE member.sync :: user_my_account_opt_in_save 1
2026-05-18T18:38:44+00:00 NOTICE product.updated :: 1
2026-05-18T18:42:24+00:00 NOTICE action_scheduler.queue_job :: MailChimp_WooCommerce_Cart_Update queued :: obj_id bb0e1ff28dcbdb4bac2eeb353d64ea0a with id 1174
2026-05-18T18:47:15+00:00 NOTICE action_scheduler.queue_job :: MailChimp_WooCommerce_Single_Order starts in 90 seconds :: obj_id 7998 with id 1177
2026-05-18T18:47:15+00:00 NOTICE handleOrderUpdate :: order_status
2026-05-18T18:47:15+00:00 NOTICE handleOrderUpdate :: order_status
2026-05-18T18:47:15+00:00 NOTICE handleOrderUpdate :: order_status
2026-05-18T18:47:16+00:00 NOTICE debug :: Order ID 7998 was pending and is now on-hold :: Array
(
    [new_order] => 
    [tracking] => 
)
2026-05-18T18:47:16+00:00 NOTICE handleOrderUpdate :: order_status
2026-05-18T18:47:19+00:00 NOTICE identity :: tracking identity through order purchased hook :: Array
(
    [email] => celaleddinselin615@gmail.com
)
2026-05-18T18:48:57+00:00 NOTICE handleOrderUpdate :: order_status
2026-05-18T18:48:57+00:00 NOTICE handleOrderUpdate :: order_status
2026-05-18T18:48:57+00:00 NOTICE handleOrderUpdate :: order_status
2026-05-18T18:48:57+00:00 NOTICE debug :: Order ID 7998 was on-hold and is now pending :: Array
(
    [new_order] => 
    [tracking] => 
)
2026-05-18T18:51:25+00:00 NOTICE handleOrderUpdate :: order_status
2026-05-18T18:51:25+00:00 NOTICE handleOrderUpdate :: order_status
2026-05-18T18:51:25+00:00 NOTICE handleOrderUpdate :: order_status
2026-05-18T18:51:25+00:00 NOTICE debug :: Order ID 7998 was pending and is now cancelled :: Array
(
    [new_order] => 
    [tracking] => 
)
2026-05-18T18:55:07+00:00 NOTICE handleOrderUpdate :: order_status
2026-05-18T18:55:07+00:00 NOTICE handleOrderUpdate :: order_status
2026-05-18T18:55:07+00:00 NOTICE handleOrderUpdate :: order_status
2026-05-18T18:55:34+00:00 NOTICE handleOrderUpdate :: order_status
2026-05-18T18:55:34+00:00 NOTICE handleOrderUpdate :: order_status
2026-05-18T18:55:34+00:00 NOTICE handleOrderUpdate :: order_status
2026-05-18T18:55:35+00:00 NOTICE debug :: Order ID 7998 was cancelled and is now processing :: Array
(
    [new_order] => 
    [tracking] => 
)
2026-05-18T18:56:07+00:00 NOTICE handleOrderUpdate :: order_status
2026-05-18T18:56:07+00:00 NOTICE handleOrderUpdate :: order_status
2026-05-18T18:56:07+00:00 NOTICE handleOrderUpdate :: order_status
2026-05-18T18:56:08+00:00 NOTICE handleOrderUpdate :: order_status
2026-05-18T18:56:08+00:00 NOTICE handleOrderUpdate :: order_status
2026-05-18T18:56:08+00:00 NOTICE debug :: Order ID 7998 was processing and is now refunded :: Array
(
    [new_order] => 
    [tracking] => 
)
2026-05-18T18:56:40+00:00 NOTICE handleOrderUpdate :: order_status
2026-05-18T18:56:41+00:00 NOTICE handleOrderUpdate :: order_status
2026-05-18T18:56:41+00:00 NOTICE handleOrderUpdate :: order_status
2026-05-18T18:56:41+00:00 NOTICE debug :: Order ID 7998 was refunded and is now completed :: Array
(
    [new_order] => 
    [tracking] => 
)
2026-05-18T19:02:11+00:00 NOTICE product.updated :: 1
2026-05-18T19:02:11+00:00 NOTICE product.updated :: 1
2026-05-18T19:02:11+00:00 NOTICE product.updated :: 1
2026-05-18T19:02:11+00:00 NOTICE product.updated :: 1
2026-05-18T19:02:11+00:00 NOTICE product.updated :: 1
2026-05-18T19:03:45+00:00 NOTICE handleOrderUpdate :: order_status
2026-05-18T19:03:45+00:00 NOTICE handleOrderUpdate :: order_status
2026-05-18T19:03:45+00:00 NOTICE handleOrderUpdate :: order_status
2026-05-18T19:06:45+00:00 NOTICE action_scheduler.queue_job :: MailChimp_WooCommerce_Single_Order starts in 90 seconds :: obj_id 8001 with id 1188
2026-05-18T19:06:45+00:00 NOTICE handleOrderUpdate :: order_status
2026-05-18T19:06:45+00:00 NOTICE handleOrderUpdate :: order_status
2026-05-18T19:06:45+00:00 NOTICE handleOrderUpdate :: order_status
2026-05-18T19:06:45+00:00 NOTICE action_scheduler.queue_job :: MailChimp_WooCommerce_Single_Product_Variation starts in 5 seconds :: obj_id 7780 with id 1189
2026-05-18T19:06:47+00:00 NOTICE debug :: Order ID 8001 was pending and is now on-hold :: Array
(
    [new_order] => 
    [tracking] => 
)
2026-05-18T19:06:47+00:00 NOTICE handleOrderUpdate :: order_status
2026-05-18T19:06:50+00:00 NOTICE identity :: tracking identity through order purchased hook :: Array
(
    [email] => celaleddinselin615@gmail.com
)
2026-05-18T19:07:25+00:00 NOTICE handleOrderUpdate :: order_status
2026-05-18T19:07:25+00:00 NOTICE handleOrderUpdate :: order_status
2026-05-18T19:07:25+00:00 NOTICE handleOrderUpdate :: order_status
2026-05-18T19:07:25+00:00 NOTICE debug :: Order ID 8001 was on-hold and is now completed :: Array
(
    [new_order] => 
    [tracking] => 
)
