2026-05-19T06:39:02+00:00 NOTICE action_scheduler.queue_job :: MailChimp_WooCommerce_Single_Order starts in 90 seconds :: obj_id 8002 with id 1193
2026-05-19T06:39:02+00:00 NOTICE handleOrderUpdate :: order_status
2026-05-19T06:39:02+00:00 NOTICE handleOrderUpdate :: order_status
2026-05-19T06:39:02+00:00 NOTICE handleOrderUpdate :: order_status
2026-05-19T06:39:02+00:00 NOTICE handleOrderUpdate :: order_status
2026-05-19T06:39:25+00:00 NOTICE debug :: Order ID 8002 was pending and is now on-hold :: Array
(
    [new_order] => 
    [tracking] => 
)
2026-05-19T06:39:25+00:00 NOTICE handleOrderUpdate :: order_status
2026-05-19T06:39:28+00:00 NOTICE identity :: tracking identity through order purchased hook :: Array
(
    [email] => celaleddinselin615@gmail.com
)
2026-05-19T06:41:21+00:00 NOTICE handleOrderUpdate :: order_status
2026-05-19T06:41:21+00:00 NOTICE handleOrderUpdate :: order_status
2026-05-19T06:41:21+00:00 NOTICE handleOrderUpdate :: order_status
2026-05-19T06:41:23+00:00 NOTICE debug :: Order ID 8002 was on-hold and is now completed :: Array
(
    [new_order] => 
    [tracking] => 
)
2026-05-19T06:44:43+00:00 NOTICE action_scheduler.queue_job :: MailChimp_WooCommerce_Single_Product_Variation starts in 5 seconds :: obj_id 7786 with id 1196
2026-05-19T06:48:37+00:00 NOTICE action_scheduler.queue_job :: MailChimp_WooCommerce_Single_Order starts in 90 seconds :: obj_id 8003 with id 1199
2026-05-19T06:48:37+00:00 NOTICE handleOrderUpdate :: order_status
2026-05-19T06:48:37+00:00 NOTICE handleOrderUpdate :: order_status
2026-05-19T06:48:37+00:00 NOTICE handleOrderUpdate :: order_status
2026-05-19T06:48:40+00:00 NOTICE debug :: Order ID 8003 was pending and is now on-hold :: Array
(
    [new_order] => 
    [tracking] => 
)
2026-05-19T06:48:40+00:00 NOTICE handleOrderUpdate :: order_status
2026-05-19T06:48:43+00:00 NOTICE identity :: tracking identity through order purchased hook :: Array
(
    [email] => celaleddinselin615@gmail.com
)
2026-05-19T06:50:27+00:00 NOTICE handleOrderUpdate :: order_status
2026-05-19T06:50:27+00:00 NOTICE handleOrderUpdate :: order_status
2026-05-19T06:50:27+00:00 NOTICE handleOrderUpdate :: order_status
2026-05-19T06:50:32+00:00 NOTICE debug :: Order ID 8003 was on-hold and is now completed :: Array
(
    [new_order] => 
    [tracking] => 
)
2026-05-19T06:51:59+00:00 NOTICE action_scheduler.queue_job :: MailChimp_WooCommerce_Single_Product_Variation starts in 5 seconds :: obj_id 7779 with id 1201
2026-05-19T06:53:25+00:00 NOTICE action_scheduler.queue_job :: MailChimp_WooCommerce_Single_Product_Variation starts in 5 seconds :: obj_id 7773 with id 1204
2026-05-19T06:54:24+00:00 NOTICE action_scheduler.queue_job :: MailChimp_WooCommerce_Single_Product_Variation starts in 5 seconds :: obj_id 7767 with id 1207
2026-05-19T06:55:28+00:00 NOTICE action_scheduler.queue_job :: MailChimp_WooCommerce_Single_Product_Variation starts in 5 seconds :: obj_id 7757 with id 1210
2026-05-19T06:56:28+00:00 NOTICE action_scheduler.queue_job :: MailChimp_WooCommerce_Single_Product_Variation starts in 5 seconds :: obj_id 7742 with id 1213
2026-05-19T08:17:24+00:00 NOTICE action_scheduler.queue_job :: MailChimp_WooCommerce_Cart_Update queued :: obj_id 5c2a2af549ea1a88be427eba234faf29 with id 1215
2026-05-19T08:22:30+00:00 NOTICE action_scheduler.queue_job :: MailChimp_WooCommerce_Single_Order starts in 90 seconds :: obj_id 8004 with id 1219
2026-05-19T08:22:30+00:00 NOTICE handleOrderUpdate :: order_status
2026-05-19T08:22:30+00:00 NOTICE handleOrderUpdate :: order_status
2026-05-19T08:22:30+00:00 NOTICE handleOrderUpdate :: order_status
2026-05-19T08:22:32+00:00 NOTICE debug :: Order ID 8004 was pending and is now on-hold :: Array
(
    [new_order] => 
    [tracking] => 
)
2026-05-19T08:22:32+00:00 NOTICE handleOrderUpdate :: order_status
2026-05-19T08:22:32+00:00 NOTICE handleOrderUpdate :: order_status
2026-05-19T08:22:34+00:00 NOTICE identity :: tracking identity through order purchased hook :: Array
(
    [email] => hamzakolko2015@gmail.com
)
2026-05-19T08:23:24+00:00 NOTICE handleOrderUpdate :: order_status
2026-05-19T08:23:24+00:00 NOTICE handleOrderUpdate :: order_status
2026-05-19T08:23:24+00:00 NOTICE handleOrderUpdate :: order_status
2026-05-19T08:23:24+00:00 NOTICE debug :: Order ID 8004 was on-hold and is now pending :: Array
(
    [new_order] => 
    [tracking] => 
)
2026-05-19T08:24:00+00:00 NOTICE handleOrderUpdate :: order_status
2026-05-19T08:24:00+00:00 NOTICE handleOrderUpdate :: order_status
2026-05-19T08:24:00+00:00 NOTICE handleOrderUpdate :: order_status
2026-05-19T08:24:02+00:00 NOTICE debug :: Order ID 8004 was pending and is now failed :: Array
(
    [new_order] => 
    [tracking] => 
)
2026-05-19T08:24:15+00:00 NOTICE identity :: tracking identity through order purchased hook :: Array
(
    [email] => hamzakolko2015@gmail.com
)
2026-05-19T08:24:50+00:00 NOTICE handleOrderUpdate :: order_status
2026-05-19T08:24:50+00:00 NOTICE handleOrderUpdate :: order_status
2026-05-19T08:24:50+00:00 NOTICE handleOrderUpdate :: order_status
2026-05-19T08:24:51+00:00 NOTICE debug :: Order ID 8004 was failed and is now completed :: Array
(
    [new_order] => 
    [tracking] => 
)
2026-05-19T12:43:27+00:00 NOTICE action_scheduler.queue_job :: MailChimp_WooCommerce_Single_Order starts in 90 seconds :: obj_id 8005 with id 1226
2026-05-19T12:43:27+00:00 NOTICE handleOrderUpdate :: order_status
2026-05-19T12:43:27+00:00 NOTICE handleOrderUpdate :: order_status
2026-05-19T12:43:27+00:00 NOTICE handleOrderUpdate :: order_status
2026-05-19T12:43:28+00:00 NOTICE action_scheduler.queue_job :: MailChimp_WooCommerce_Cart_Update queued :: obj_id 49cd6c0f5f0553809dbf4eed44c960b5 with id 1227
2026-05-19T12:43:29+00:00 NOTICE debug :: Order ID 8005 was pending and is now on-hold :: Array
(
    [new_order] => 
    [tracking] => 
)
2026-05-19T12:43:29+00:00 NOTICE handleOrderUpdate :: order_status
2026-05-19T12:43:29+00:00 NOTICE handleOrderUpdate :: order_status
2026-05-19T12:43:31+00:00 NOTICE identity :: tracking identity through order purchased hook :: Array
(
    [email] => celaleddinselin@gmail.com
)
2026-05-19T12:50:32+00:00 NOTICE action_scheduler.queue_job :: MailChimp_WooCommerce_Single_Order starts in 90 seconds :: obj_id 8006 with id 1230
2026-05-19T12:50:32+00:00 NOTICE handleOrderUpdate :: order_status
2026-05-19T12:50:32+00:00 NOTICE handleOrderUpdate :: order_status
2026-05-19T12:50:32+00:00 NOTICE handleOrderUpdate :: order_status
2026-05-19T12:50:32+00:00 NOTICE action_scheduler.queue_job :: MailChimp_WooCommerce_Single_Product_Variation starts in 5 seconds :: obj_id 7743 with id 1231
2026-05-19T12:50:34+00:00 NOTICE debug :: Order ID 8006 was pending and is now on-hold :: Array
(
    [new_order] => 
    [tracking] => 
)
2026-05-19T12:50:34+00:00 NOTICE handleOrderUpdate :: order_status
2026-05-19T12:50:34+00:00 NOTICE handleOrderUpdate :: order_status
2026-05-19T12:50:36+00:00 NOTICE identity :: tracking identity through order purchased hook :: Array
(
    [email] => celaleddinselin615@gmail.com
)
2026-05-19T12:53:21+00:00 NOTICE handleOrderUpdate :: order_status
2026-05-19T12:53:22+00:00 NOTICE handleOrderUpdate :: order_status
2026-05-19T12:53:22+00:00 NOTICE handleOrderUpdate :: order_status
2026-05-19T12:53:22+00:00 NOTICE debug :: Order ID 8006 was on-hold and is now completed :: Array
(
    [new_order] => 
    [tracking] => 
)
